// Jest Snapshot v1, https://goo.gl/fbAQLP

exports[`Footer matches snapshot 1`] = `
<footer
  className="mt-3 pl-3 pr-3 container text-center"
>
  Â© QA Ltd 2019-
</footer>
`;
